[backblue.gif]
[fade.gif]
[index.html]
[www.trost.co.kr/index.html]
[www.trost.co.kr/assets/file/manifest_webapp.json]
[blue-core.com/index.html]
[zigzag.kr/index.html]
[zigzag.kr/favicons/manifest97f0.json]
[maxcdn.bootstrapcdn.com/bootstrap/3.3.6/css/bootstrap.min.css]
[applr.co.kr/index.html]
[junggglex.com/video/h_banner_50s.mp4]
[junggglex.com/img/main_trusted_by/trusted_by-02.png]
[junggglex.com/img/main_trusted_by/trusted_by-03.png]
[junggglex.com/img/main_trusted_by/trusted_by-04.png]
[junggglex.com/img/main_trusted_by/trusted_by-05.png]
[junggglex.com/img/main_trusted_by/trusted_by-06.png]
[junggglex.com/img/main_trusted_by/trusted_by-07.png]
[junggglex.com/img/main_trusted_by/trusted_by-08.png]
[junggglex.com/img/main_trusted_by/trusted_by-09.png]
[junggglex.com/img/main_trusted_by/trusted_by-10.png]
[junggglex.com/img/main_trusted_by/trusted_by-11.png]
[junggglex.com/index.html]
[wahome.co.kr/images/mockup.jpg]
[www.wahome.co.kr/images/favicon/apple-icon-57x57.png]
[www.wahome.co.kr/images/favicon/apple-icon-60x60.png]
[www.wahome.co.kr/images/favicon/apple-icon-72x72.png]
[www.wahome.co.kr/images/favicon/apple-icon-76x76.png]
[www.wahome.co.kr/images/favicon/apple-icon-114x114.png]
[www.wahome.co.kr/images/favicon/apple-icon-120x120.png]
[www.wahome.co.kr/images/favicon/apple-icon-144x144.png]
[www.wahome.co.kr/images/favicon/apple-icon-152x152.png]
[www.wahome.co.kr/images/favicon/apple-icon-180x180.png]
[www.wahome.co.kr/images/favicon/android-icon-192x192.png]
[www.wahome.co.kr/images/favicon/favicon-32x32.png]
[www.wahome.co.kr/images/favicon/favicon-96x96.png]
[www.wahome.co.kr/images/favicon/favicon-16x16.png]
[www.wahome.co.kr/images/favicon/manifest.json]
[www.wahome.co.kr/css/output.min.css]
[www.wahome.co.kr/css/custom.css]
[connect.facebook.net/en_US/fbevents.js]
[cdnjs.cloudflare.com/ajax/libs/jquery/1.11.3/jquery.min.js]
[www.facebook.com/tr27f5.gif]
[www.wahome.co.kr/index-2.html]
[www.wahome.co.kr/images/logo.svg]
[www.wahome.co.kr/bookings.html]
[www.wahome.co.kr/profile.html]
[www.wahome.co.kr/help.html]
[www.wahome.co.kr/images/icon_31.svg]
[www.wahome.co.kr/images/icon_33.svg]
[www.wahome.co.kr/images/icon_2.svg]
[www.wahome.co.kr/images/1step.svg]
[www.wahome.co.kr/images/2step.svg]
[www.wahome.co.kr/images/3step.svg]
[www.wahome.co.kr/images/btn_google_color.png]
[www.wahome.co.kr/images/btn_appstore_color.png]
[www.wahome.co.kr/apply.html]
[www.wahome.co.kr/policy.html]
[www.wahome.co.kr/changepolicy.html]
[www.wahome.co.kr/private.html]
[www.wahome.co.kr/images/smba.svg]
[cdnjs.cloudflare.com/ajax/libs/lodash.js/3.9.3/lodash.min.js]
[cdnjs.cloudflare.com/ajax/libs/moment.js/2.10.3/moment.min.js]
[cdnjs.cloudflare.com/ajax/libs/moment.js/2.10.6/locale/ko.js]
[cdnjs.cloudflare.com/ajax/libs/moment-timezone/0.4.0/moment-timezone-with-data.min.js]
[cdnjs.cloudflare.com/ajax/libs/handlebars.js/3.0.3/handlebars.min.js]
[www.wahome.co.kr/app/common.js]
[www.wahome.co.kr/compressed.min.js]
[www.wahome.co.kr/index.html]
[www.wahome.co.kr/app/index.js]
[easi-way.com/easiway/android-chrome-192x192.png]
[easi-way.com/support/index.html]
[easi-way.com/chauffeur/index.html]
[easi-way.com/shuttle/index.html]
[easi-way.com/img/ver2/phoneframe.png]
[easi-way.com/img/ver2/img_main_screen.png]
[easi-way.com/img/ver2/img_chauffeur_service.png]
[easi-way.com/img/ver2/img_shttle_ticket.png]
[easi-way.com/img/ver2/img_booked_trips_list.png]
[easi-way.com/img/ver2/p-1.jpg]
[easi-way.com/img/ver2/p-2.jpg]
[easi-way.com/img/ver2/p-3.png]
[easi-way.com/img/btn-top@2x.png]
[easi-way.com/booking-policy.html]
[easi-way.com/bower/jquery/dist/jquery.min.js]
[easi-way.com/bower/jquery-ui/jquery-ui.min.js]
[easi-way.com/bower/foundation-sites/dist/foundation.min.js]
[easi-way.com/bower/foundation-datepicker/js/foundation-datepicker.min.js]
[easi-way.com/bower/hammerjs/hammer.min.js]
[easi-way.com/bower/jquery-overflowandroid/jquery.overflowandroid.min.js]
[easi-way.com/js/iscroll.js]
[easi-way.com/js/ver2.min.js]
[easi-way.com/js/banner.js]
[easi-way.com/index.html]
[www.trost.co.kr/assets/img/of_logo/web-logo-4-.png]
[www.trost.co.kr/assets/img/of_banner/main_bnnr_book@3x3a55.png]
[www.trost.co.kr/assets/img/of_page/about-service/mobile/seM_ham_logo3a55.png]
[www.trost.co.kr/assets/img/of_page/about-service/mobile/serM_profile3a55.png]
[www.trost.co.kr/assets/img/of_page/about-service/ser_service3a55.png]
[www.trost.co.kr/assets/img/of_page/about-service/ser_app_store3a55.png]
[www.trost.co.kr/assets/img/of_page/about-service/ser_google3a55.png]
[www.trost.co.kr/assets/img/of_page/about-service/ser_txt3a55.png]
[www.trost.co.kr/assets/img/of_page/about-service/ser_voice3a55.png]
[www.trost.co.kr/assets/img/of_page/about-service/ser13a55.png]
[www.trost.co.kr/assets/img/of_page/about-service/ser23a55.png]
[www.trost.co.kr/assets/img/of_page/about-service/ser33a55.png]
[www.trost.co.kr/assets/img/of_page/about-service/ser43a55.png]
[www.trost.co.kr/assets/img/of_page/about-service/ser53a55.png]
[www.trost.co.kr/assets/img/of_partner/15065781205520_3a55.png]
[www.trost.co.kr/assets/img/of_partner/15065782255705_3a55.png]
[www.trost.co.kr/assets/img/of_partner/15065782155655_3a55.png]
[www.trost.co.kr/assets/img/of_partner/15065781055505_3a55.png]
[www.trost.co.kr/assets/img/of_partner/15065781245524_3a55.png]
[www.trost.co.kr/assets/img/of_partner/15065781095509_3a55.png]
[www.trost.co.kr/assets/img/of_partner/15065781155515_3a55.png]
[www.trost.co.kr/assets/img/of_partner/15065782595739_3a55.png]
[www.trost.co.kr/assets/img/of_partner/15065781075507_3a55.png]
[www.trost.co.kr/assets/img/of_partner/15065781775617_3a55.png]
[www.trost.co.kr/assets/img/of_partner/15065781815621_3a55.png]
[www.trost.co.kr/assets/img/of_partner/1507701938_3a55.png]
[www.trost.co.kr/assets/img/of_partner/15065783945954_3a55.png]
[www.trost.co.kr/assets/img/of_partner/15065782615741_3a55.png]
[www.trost.co.kr/assets/img/of_partner/15065781135513_3a55.png]
[www.trost.co.kr/assets/img/of_partner/15065782175657_3a55.png]
[www.trost.co.kr/assets/img/of_partner/15065782575737_3a55.png]
[www.trost.co.kr/assets/img/of_partner/15065783075827_3a55.png]
[www.trost.co.kr/assets/img/of_partner/15065782115651_3a55.png]
[www.trost.co.kr/assets/img/of_partner/15065782535733_3a55.png]
[www.trost.co.kr/assets/img/of_partner/15065781935633_3a55.png]
[www.trost.co.kr/assets/img/of_partner/15065782215701_3a55.png]
[www.trost.co.kr/assets/img/of_partner/15065782555735_3a55.png]
[www.trost.co.kr/assets/img/of_partner/15065783155835_3a55.png]
[www.trost.co.kr/assets/img/of_partner/15065782235703_3a55.png]
[www.trost.co.kr/assets/img/of_partner/15065782455725_3a55.png]
[www.trost.co.kr/assets/img/of_partner/15065783925952_3a55.png]
[www.trost.co.kr/assets/img/of_partner/15065782475727_3a55.png]
[www.trost.co.kr/assets/img/of_partner/15065783965956_3a55.png]
[www.trost.co.kr/assets/img/of_partner/15065781915631_3a55.png]
[www.trost.co.kr/assets/img/of_partner/15065782495729_3a55.png]
[www.trost.co.kr/assets/img/of_partner/15065781225522_3a55.png]
[www.trost.co.kr/assets/img/of_partner/15065782515731_3a55.png]
[www.trost.co.kr/assets/img/of_partner/15065783175837_3a55.png]
[www.trost.co.kr/assets/img/of_partner/15065783115831_3a55.png]
[www.trost.co.kr/assets/img/of_partner/15065783905950_3a55.png]
[www.trost.co.kr/assets/img/of_partner/_3a55.html]
[www.trost.co.kr/assets/img/of_partner/15065783295849_3a55.png]
[www.trost.co.kr/assets/img/of_page/about-service/mobile/serM_sns13a55.png]
[www.trost.co.kr/assets/img/of_page/about-service/mobile/serM_sns23a55.png]
[www.trost.co.kr/assets/img/of_page/about-service/mobile/serM_sns33a55.png]
[www.trost.co.kr/mobile/index.html]
[www.trost.co.kr/assets/img/of_logo/web_logo_1_og.png]
[www.trost.co.kr/assets/img/of_page/about-manual/gui_apple2.png]
[www.trost.co.kr/assets/img/of_page/about-manual/gui_google2.png]
[www.trost.co.kr/assets/img/of_page/about-manual/gui_web2.png]
[www.trost.co.kr/assets/img/of_page/about-manual/gui_apple1.png]
[www.trost.co.kr/assets/img/of_page/about-manual/gui_google1.png]
[www.trost.co.kr/assets/img/of_page/about-manual/gui_web1.png]
[www.trost.co.kr/assets/img/of_page/about-manual/gui_border.png]
[www.trost.co.kr/assets/img/of_page/about-manual/guide1.png]
[www.trost.co.kr/assets/img/of_page/about-manual/guide2.png]
[www.trost.co.kr/assets/img/of_page/about-manual/guide3.png]
[www.trost.co.kr/assets/img/of_page/about-manual/guide4.png]
[www.trost.co.kr/assets/img/of_page/about-manual/guide5.png]
[www.trost.co.kr/assets/img/of_page/about-manual/guide6.png]
[www.trost.co.kr/assets/img/of_page/about-manual/guide7.png]
[www.trost.co.kr/assets/img/of_page/about-manual/guide8.png]
[www.trost.co.kr/assets/img/main_ka.png]
[www.trost.co.kr/assets/img/main_fa.png]
[www.trost.co.kr/assets/img/main_bl.png]
[www.trost.co.kr/assets/img/main_ka_.png]
[www.trost.co.kr/assets/img/main_fa_.png]
[www.trost.co.kr/assets/img/main_bl_.png]
[www.trost.co.kr/manual/texttime/index.html]
[www.trost.co.kr/about/counselor/index.html]
[www.trost.co.kr/assets/img/of_logo/web_logo_3-.png]
[www.trost.co.kr/assets/img/of_page/about-company/com_quote.png]
[www.trost.co.kr/assets/img/of_page/about-company/com_k_cube3a55.png]
[www.trost.co.kr/assets/img/of_page/about-company/com_kaist3a55.png]
[www.trost.co.kr/assets/img/of_page/about-company/com_partner13a55.png]
[www.trost.co.kr/assets/img/of_page/about-company/com_partner23a55.png]
[www.trost.co.kr/assets/img/of_page/about-company/com_partner33a55.png]
[www.trost.co.kr/assets/img/of_page/about-company/com_partner43a55.png]
[www.trost.co.kr/assets/img/of_page/about-company/com_partner53a55.png]
[www.trost.co.kr/assets/img/of_page/about-company/com_partner63a55.png]
[www.trost.co.kr/about/humart/index.html]
[www.trost.co.kr/assets/img/of_page/about-join/rec1.png]
[www.trost.co.kr/assets/img/of_page/about-join/rec2.png]
[www.trost.co.kr/assets/img/of_page/about-join/rec3.png]
[www.trost.co.kr/assets/img/of_page/about-join/rec4.png]
[www.trost.co.kr/about/join/index.html]
[www.trost.co.kr/assets/img/arrow_faq.png]
[www.trost.co.kr/about/faq/index.html]
[www.trost.co.kr/assets/img/of_notice/10-.jpg]
[www.trost.co.kr/about/notice/index.html]
[www.trost.co.kr/about/terms/new/index.html]
[www.trost.co.kr/about/support/index.html]
[www.trost.co.kr/auth/sign7c03.html]
[www.trost.co.kr/auth/helpuser/index.html]
[blue-core.com/index-2.html]
[blue-core.com/images/sub/close_01.png]
[blue-core.com/images/sub/close_01_m.png]
[blue-core.com/info_about.html]
[blue-core.com/info_history.html]
[blue-core.com/info_organization.html]
[blue-core.com/images/sub/info_par_ci_01.png]
[blue-core.com/images/sub/info_par_ci_02.png]
[blue-core.com/images/sub/info_par_ci_03.png]
[blue-core.com/images/sub/info_par_ci_04.png]
[blue-core.com/images/sub/info_par_ci_05.png]
[blue-core.com/images/sub/info_par_ci_06.png]
[blue-core.com/images/sub/info_par_ci_07.png]
[blue-core.com/images/sub/info_par_ci_08.png]
[blue-core.com/images/sub/info_par_ci_09.png]
[blue-core.com/images/sub/info_par_ci_10.png]
[blue-core.com/images/sub/info_par_ci_11.png]
[blue-core.com/images/sub/info_par_ci_12.png]
[blue-core.com/images/sub/info_par_ci_13.png]
[blue-core.com/images/sub/info_par_ci_14.png]
[blue-core.com/images/sub/info_par_ci_15.png]
[blue-core.com/images/sub/info_par_ci_16.png]
[blue-core.com/images/sub/info_par_ci_17.png]
[blue-core.com/images/sub/info_par_ci_18.png]
[blue-core.com/images/sub/info_par_ci_19.png]
[blue-core.com/images/sub/info_par_ci_20.png]
[blue-core.com/images/sub/info_par_ci_21.png]
[blue-core.com/images/sub/info_par_ci_22.png]
[blue-core.com/images/sub/info_par_ci_23.png]
[blue-core.com/images/sub/info_par_ci_24.png]
[blue-core.com/images/sub/info_par_ci_25.png]
[blue-core.com/images/sub/info_par_ci_26.png]
[blue-core.com/info_partner.html]
[blue-core.com/images/sub/close_02.png]
[blue-core.com/images/sub/close_02_m.png]
[blue-core.com/business_1.html]
[blue-core.com/images/sub/bus_pla_img_01.png]
[blue-core.com/images/sub/bus_pla_img_02.png]
[blue-core.com/images/sub/bus_pla_icon_01.png]
[blue-core.com/images/sub/bus_pla_icon_02.png]
[blue-core.com/images/sub/bus_pla_icon_03.png]
[blue-core.com/images/sub/bus_pla_icon_04.png]
[blue-core.com/business_2.html]
[blue-core.com/images/sub/bus_mob_img_07.png]
[blue-core.com/images/sub/bus_mob_img_07_m1.png]
[blue-core.com/images/sub/bus_mob_img_07_m2.png]
[blue-core.com/business_3.html]
[blue-core.com/images/sub/work_th_01.png]
[blue-core.com/images/sub/work_th_02.png]
[blue-core.com/images/sub/work_th_03.png]
[blue-core.com/images/sub/work_th_04.png]
[blue-core.com/images/sub/work_th_05.png]
[blue-core.com/images/sub/work_th_06.png]
[blue-core.com/images/sub/work_th_10.png]
[blue-core.com/images/sub/work_th_12.png]
[blue-core.com/images/sub/work_th_13.png]
[blue-core.com/images/sub/work_th_07.png]
[blue-core.com/images/sub/work_th_08.png]
[blue-core.com/images/sub/work_th_11.png]
[blue-core.com/images/sub/work_th_09.png]
[blue-core.com/images/sub/work_th_20.png]
[blue-core.com/images/sub/work_th_14.png]
[blue-core.com/images/sub/work_th_15.png]
[blue-core.com/images/sub/work_th_16.png]
[blue-core.com/images/sub/work_th_17.png]
[blue-core.com/images/sub/work_th_18.png]
[blue-core.com/images/sub/work_th_19.png]
[blue-core.com/images/sub/work_th_21.png]
[blue-core.com/images/sub/work_th_22.png]
[blue-core.com/images/sub/work_th_23.png]
[blue-core.com/images/sub/work_th_24.png]
[blue-core.com/images/sub/work_th_25.png]
[blue-core.com/images/sub/work_th_26.png]
[blue-core.com/images/sub/work_th_27.png]
[blue-core.com/images/sub/work_th_28.png]
[blue-core.com/images/sub/work_th_29.png]
[blue-core.com/images/sub/work_th_30.png]
[blue-core.com/images/sub/work_th_31.png]
[blue-core.com/works.html]
[blue-core.com/images/sub/rec_img_1920.png]
[blue-core.com/images/sub/rec_img_1024.png]
[blue-core.com/images/sub/rec_img_768.png]
[blue-core.com/images/sub/rec_img_480.png]
[blue-core.com/images/sub/rec_img_320.png]
[blue-core.com/images/sub/rec_icon_01.png]
[blue-core.com/images/sub/rec_icon_02.png]
[blue-core.com/images/sub/rec_icon_03.png]
[blue-core.com/images/sub/rec_icon_04.png]
[blue-core.com/recruit.html]
[blue-core.com/images/sub/bus_mob_img_01.png]
[blue-core.com/images/sub/bus_mob_img_02.png]
[blue-core.com/images/sub/bus_mob_img_03.png]
[blue-core.com/images/sub/bus_mob_img_04.png]
[blue-core.com/images/sub/bus_mob_img_05.png]
[blue-core.com/images/sub/bus_mob_img_06.png]
[blue-core.com/images/sub/bus_mob_img_m01.png]
[blue-core.com/images/sub/bus_mob_img_m02.png]
[blue-core.com/images/sub/bus_mob_img_m03.png]
[blue-core.com/images/sub/bus_mob_img_m04.png]
[blue-core.com/images/sub/bus_mob_img_m05.png]
[blue-core.com/images/sub/bus_mob_img_m06.png]
[blue-core.com/business.html]
[fonts.googleapis.com/css3262.css]
[fonts.googleapis.com/css34fc.css]
[applr.co.kr/index-ko.html]
[applr.co.kr/index-cn.html]
[junggglex.com/about.html]
[junggglex.com/img/advertiser/m_ua_solution_01.png]
[junggglex.com/img/advertiser/m_ua_solution_02.png]
[junggglex.com/img/advertiser/m_ua_solution_03.png]
[junggglex.com/img/advertiser/m_ua_solution_04.png]
[junggglex.com/img/advertiser/attribution-01.png]
[junggglex.com/img/advertiser/attribution-02.png]
[junggglex.com/img/advertiser/attribution-03.png]
[junggglex.com/img/advertiser/attribution-04.png]
[junggglex.com/img/advertiser/attribution-05.png]
[junggglex.com/advertiser.html]
[junggglex.com/img/publishers/process.png]
[junggglex.com/publisher.html]
[junggglex.com/index-2.html]
[junggglex.com/signup.html]
[www.wahome.co.kr/index-2.html]
[www.wahome.co.kr/images/img_helper.png]
[www.wahome.co.kr/images/ico_address.png]
[www.wahome.co.kr/images/ico_cal.png]
[www.wahome.co.kr/images/ico_time.png]
[www.wahome.co.kr/images/ico_add.png]
[www.wahome.co.kr/images/ico_check.png]
[www.wahome.co.kr/bookings.html]
[www.wahome.co.kr/images/creditcards.png]
[www.wahome.co.kr/profile.html]
[www.wahome.co.kr/help.html]
[www.wahome.co.kr/apply.html]
[www.wahome.co.kr/images/help.svg]
[www.wahome.co.kr/images/user_contract1.png]
[www.wahome.co.kr/images/user_contract2.png]
[www.wahome.co.kr/policy.html]
[www.wahome.co.kr/changepolicy.html]
[www.wahome.co.kr/private.html]
[easi-way.com/support/index.html]
[easi-way.com/img/ver3/chauffeur/img-toyota-alphard.png]
[easi-way.com/img/ver3/chauffeur/img-tesla.png]
[easi-way.com/chauffeur/img/btn-top@2x.png]
[easi-way.com/chauffeur/index.html]
[easi-way.com/img/ver3/shuttle/img-bus.png]
[easi-way.com/shuttle/index.html]
[easi-way.com/booking-policy.html]
[trost.co.kr/assets/mobile/app-icon.png]
[trost.co.kr/promotion/sharelogo20170512.png]
[www.trost.co.kr/assets/img/of_page/index/s1/header_logo.png]
[www.trost.co.kr/assets/img/of_page/index/s1/main_mobile18a8.png]
[www.trost.co.kr/assets/img/of_page/about-manual/gui_apple218a8.png]
[www.trost.co.kr/assets/css/style.min18a8.css]
[www.trost.co.kr/assets/img/of_page/about-manual/gui_google218a8.png]
[www.trost.co.kr/assets/img/of_page/about-manual/gui_web218a8.png]
[www.trost.co.kr/assets/img/of_page/index/s2/btn_txt18a8.png]
[www.trost.co.kr/assets/css/index.min18a8.css]
[www.trost.co.kr/assets/img/of_page/index/s2/btn_voice18a8.png]
[www.trost.co.kr/assets/img/of_page/index/s2/btn_pc18a8.png]
[www.trost.co.kr/assets/img/of_page/index/s2/txt/txt_mobile18a8.png]
[www.trost.co.kr/manual/texttime/index.html]
[www.trost.co.kr/assets/img/of_page/index/s2/txt/txt118a8.png]
[www.trost.co.kr/assets/img/of_page/index/s2/txt/txt218a8.png]
[www.trost.co.kr/assets/img/of_page/index/s2/txt/txt318a8.png]
[www.trost.co.kr/assets/img/of_page/index/s2/txt/txt418a8.png]
[www.trost.co.kr/assets/img/of_page/index/s2/txt/txt518a8.png]
[www.trost.co.kr/assets/img/of_page/index/s2/txt/txt618a8.png]
[www.trost.co.kr/assets/img/of_page/index/s2/qr_and18a8.png]
[www.trost.co.kr/assets/img/of_page/index/s2/qr_ios18a8.png]
[www.trost.co.kr/assets/img/of_page/index/s2/arr18a8.png]
[www.trost.co.kr/assets/img/of_page/index/s2/voice18a8.png]
[www.trost.co.kr/assets/img/of_page/index/s2/pc18a8.png]
[www.trost.co.kr/assets/img/of_page/index/s3/good1.min18a8.png]
[www.trost.co.kr/assets/img/of_page/index/s3/good2.min18a8.png]
[www.trost.co.kr/assets/img/of_page/index/s3/good3.min18a8.png]
[www.trost.co.kr/assets/img/of_page/index/s3/good4.min18a8.png]
[www.trost.co.kr/assets/img/of_page/index/s3/good5.min18a8.png]
[www.trost.co.kr/assets/img/of_page/index/s5/eap18a8.png]
[www.trost.co.kr/assets/img/of_page/index/s5/ser18a8.png]
[www.trost.co.kr/assets/img/of_page/index/s5/centre18a8.png]
[www.trost.co.kr/assets/img/of_page/index/s1/info18a8.png]
[www.trost.co.kr/assets/img/of_page/index/footer/popup_close18a8.png]
[www.trost.co.kr/assets/img/of_page/index/footer/footer_logo18a8.png]
[www.trost.co.kr/assets/file/web_support/html5shiv.min.js]
[www.trost.co.kr/assets/img/popupClose_w.png]
[www.trost.co.kr/assets/js/jquery-latest.minac31.js]
[www.trost.co.kr/assets/img/login_icon_facebook.png]
[www.trost.co.kr/assets/img/login_icon_kakao.png]
[www.trost.co.kr/assets/img/of_etc/login_naver_logo.png]
[www.trost.co.kr/assets/file/lightslider/dist/css/lightslider.min18a8.css]
[wcs.naver.net/wcslog.js]
[blue-core.com/js/jquery-1.10.2.min.js]
[blue-core.com/js/jquery-ui-1.10.3.custom.min.js]
[www.trost.co.kr/assets/file/lightslider/dist/js/lightslider.minac31.js]
[blue-core.com/js/jquery.js]
[blue-core.com/js/jcarousel.responsive.js]
[blue-core.com/js/jquery.jcarousel.min.js]
[www.trost.co.kr/assets/js/index.min18a8.js]
[blue-core.com/js/lightbox.js]
[blue-core.com/images/favicon.ico]
[www.trost.co.kr/assets/js/sign_pop.min18a8.js]
[blue-core.com/images/favicon.png]
[ajax.googleapis.com/ajax/libs/jquery/1.11.0/jquery.min.js]
[blue-core.com/js/jquery.animsition.min.js]
[www.trost.co.kr/assets/js/sns_kakao.min18a8.js]
[blue-core.com/images/footer_link_sou_ov.png]
[blue-core.com/images/busi_img_01.png]
[blue-core.com/images/busi_img_02.png]
[www.trost.co.kr/auth/helpuser/index.html]
[blue-core.com/images/busi_img_03.png]
[blue-core.com/images/work_01.png]
[blue-core.com/images/work_02.png]
[blue-core.com/css/main.css]
[blue-core.com/images/work_03.png]
[blue-core.com/images/work_04.png]
[blue-core.com/images/work_05.png]
[blue-core.com/css/animsition.min.html]
[blue-core.com/images/work_06.png]
[blue-core.com/images/work_10.png]
[blue-core.com/images/work_12.png]
[blue-core.com/index-2.html]
[blue-core.com/images/work_13.png]
[blue-core.com/images/work_07.png]
[blue-core.com/images/work_08.png]
[blue-core.com/business_2.html]
[blue-core.com/images/work_11.png]
[blue-core.com/images/work_09.png]
[blue-core.com/images/work_20.png]
[blue-core.com/business_3.html]
[blue-core.com/images/work_14.png]
[blue-core.com/images/work_15.png]
[blue-core.com/images/work_16.png]
[blue-core.com/images/work_17.png]
[blue-core.com/images/work_18.png]
[blue-core.com/images/work_19.png]
[blue-core.com/images/work_21.png]
[blue-core.com/images/work_22.png]
[blue-core.com/images/work_23.png]
[blue-core.com/images/work_24.png]
[blue-core.com/images/work_25.png]
[blue-core.com/images/work_26.png]
[blue-core.com/images/work_27.png]
[blue-core.com/images/work_28.png]
[blue-core.com/images/work_29.png]
[blue-core.com/images/work_30.png]
[blue-core.com/images/work_31.png]
[blue-core.com/images/footer_link_sou.png]
[blue-core.com/images/footer_link_cor_ov.png]
[blue-core.com/images/footer_link_cor.png]
[blue-core.com/js/lightbox-plus-jquery.min.js]
[blue-core.com/works.html]
[ajax.googleapis.com/ajax/libs/jquery/1.7.2/jquery.min.js]
[zigzag.kr/js/jquery.fullPage.min.js]
[zigzag.kr/favicons/apple-touch-icon-57x5797f0.png]
[zigzag.kr/favicons/apple-touch-icon-60x6097f0.png]
[zigzag.kr/css/jquery.fullPage.css]
[zigzag.kr/favicons/apple-touch-icon-72x7297f0.png]
[zigzag.kr/favicons/apple-touch-icon-76x7697f0.png]
[zigzag.kr/favicons/apple-touch-icon-114x11497f0.png]
[zigzag.kr/css/style.css]
[zigzag.kr/favicons/apple-touch-icon-120x12097f0.png]
[zigzag.kr/favicons/apple-touch-icon-144x14497f0.png]
[zigzag.kr/favicons/apple-touch-icon-152x15297f0.png]
[zigzag.kr/favicons/apple-touch-icon-180x18097f0.png]
[zigzag.kr/favicons/favicon-32x3297f0.png]
[zigzag.kr/favicons/android-chrome-192x19297f0.png]
[zigzag.kr/favicons/favicon-96x9697f0.png]
[zigzag.kr/favicons/favicon-16x1697f0.png]
[zigzag.kr/favicons/favicon97f0.ico]
[zigzag.kr/favicons/manifest97f0.json]
[www.google-analytics.com/analytics.js]
[maxcdn.bootstrapcdn.com/bootstrap/3.3.6/js/bootstrap.min.js]
[cdn.jsdelivr.net/jquery.leanmodal2/2.3/jQuery.leanModal2.min.js]
[applr.co.kr/dist/js/jquery-1.12.0.min.js]
[vjs.zencdn.net/ie8/1.1.2/videojs-ie8.min.js]
[vjs.zencdn.net/5.10.2/video.js]
[applr.co.kr/dist/js/tether.min.js]
[applr.co.kr/assets/js/main.js]
[applr.co.kr/assets/img/logo.png]
[applr.co.kr/assets/img/btn03.png]
[maxcdn.bootstrapcdn.com/bootstrap/3.3.6/css/bootstrap.min.css]
[applr.co.kr/assets/img/mobile01.png]
[applr.co.kr/assets/img/demo_btn2.png]
[applr.co.kr/assets/img/appstore.png]
[maxcdn.bootstrapcdn.com/bootstrap/3.3.6/css/bootstrap-theme.min.css]
[applr.co.kr/assets/img/googleplay.png]
[applr.co.kr/assets/img/p_img_02.jpg]
[applr.co.kr/assets/img/cont4_01.png]
[vjs.zencdn.net/5.10.2/video-js.css]
[applr.co.kr/assets/img/cont4_02.png]
[applr.co.kr/assets/img/cont4_03.png]
[applr.co.kr/assets/img/phone05_1_1.png]
[applr.co.kr/assets/css/style.css]
[applr.co.kr/assets/img/phone05_2_1.png]
[applr.co.kr/assets/img/phone05_2_1_m.png]
[applr.co.kr/assets/img/phone05_3_1.png]
[applr.co.kr/assets/css/animate.css]
[applr.co.kr/assets/img/phone06_1_1.png]
[applr.co.kr/assets/img/phone06_2_1.png]
[applr.co.kr/assets/img/phone06_3_1.png]
[applr.co.kr/index-ko.html]
[applr.co.kr/assets/img/simulcast1.png]
[applr.co.kr/assets/img/simulcast2.png]
[applr.co.kr/assets/img/simulcast3.png]
[applr.co.kr/assets/img/img_exp02.png]
[applr.co.kr/assets/img/language.png]
[applr.co.kr/assets/img/payment.png]
[applr.co.kr/assets/img/shipping.png]
[applr.co.kr/assets/img/influ1.png]
[applr.co.kr/assets/img/influ2.png]
[applr.co.kr/assets/img/influ3.png]
[applr.co.kr/assets/img/influ4.png]
[applr.co.kr/assets/img/influ5.png]
[applr.co.kr/assets/img/influ6.png]
[applr.co.kr/assets/img/influ7.png]
[applr.co.kr/assets/img/influ8.png]
[applr.co.kr/assets/img/game.png]
[applr.co.kr/assets/img/art.png]
[applr.co.kr/assets/img/eTicketing.png]
[applr.co.kr/assets/img/travel.png]
[applr.co.kr/assets/img/luxury_brand.png]
[applr.co.kr/assets/js/slick/slick.min.js]
[applr.co.kr/assets/img/fashion.png]
[applr.co.kr/assets/img/logo1.png]
[applr.co.kr/assets/img/logo2.png]
[applr.co.kr/assets/img/logo3.png]
[applr.co.kr/assets/img/logo4.png]
[applr.co.kr/assets/img/logo5.png]
[applr.co.kr/assets/img/logo6.png]
[applr.co.kr/assets/img/logo7.png]
[applr.co.kr/assets/img/logo8.png]
[applr.co.kr/assets/img/logo9.png]
[applr.co.kr/assets/img/logo_more.png]
[applr.co.kr/assets/img/logo_korchina.png]
[applr.co.kr/assets/img/logo_ocs.png]
[applr.co.kr/assets/img/logo_yamato.png]
[applr.co.kr/assets/img/logo_freeway.png]
[applr.co.kr/assets/img/logo_blue.png]
[applr.co.kr/assets/img/nthem01.png]
[applr.co.kr/assets/img/nthem02.png]
[applr.co.kr/assets/img/nthem03.png]
[applr.co.kr/assets/img/banner1.png]
[applr.co.kr/assets/img/banner2.png]
[applr.co.kr/assets/img/back_b_b.png]
[applr.co.kr/assets/img/we_sl.png]
[applr.co.kr/assets/img/72cast_logo.png]
[www.junggglex.com/shortcut.png]
[junggglex.com/img/shortcut.png]
[use.fontawesome.com/5303e3cdc4.js]
[junggglex.com/css/style.css]
[code.jquery.com/jquery-1.11.2.min.js]
[junggglex.com/css/style_banner.css]
[junggglex.com/img/m_menu_bar.png]
[junggglex.com/img/m_close.png]
[junggglex.com/css/media.css]
[junggglex.com/img/main_diagram.png]
[junggglex.com/img/h_logo.svg]
[junggglex.com/img/advertisers_sum.png]
[junggglex.com/index-2.html]
[junggglex.com/img/publishers_sum.png]
[junggglex.com/signup.html]
[junggglex.com/img/contact_icon_01.svg]
[wahome.co.kr/images/mockup.jpg]
[junggglex.com/img/contact_icon_02.svg]
[www.wahome.co.kr/images/favicon/apple-icon-60x60.png]
[www.wahome.co.kr/images/favicon/apple-icon-72x72.png]
[junggglex.com/img/f_logo.svg]
[www.wahome.co.kr/images/favicon/apple-icon-57x57.png]
[www.wahome.co.kr/images/favicon/apple-icon-76x76.png]
[cdnjs.cloudflare.com/ajax/libs/moment.js/2.10.3/moment.min.js]
[cdnjs.cloudflare.com/ajax/libs/lodash.js/3.9.3/lodash.min.js]
[cdnjs.cloudflare.com/ajax/libs/moment.js/2.10.6/locale/ko.js]
[www.wahome.co.kr/css/output.min.css]
[cdnjs.cloudflare.com/ajax/libs/jquery/1.11.3/jquery.min.js]
[www.wahome.co.kr/css/custom.css]
[cdnjs.cloudflare.com/ajax/libs/moment-timezone/0.4.0/moment-timezone-with-data.min.js]
[connect.facebook.net/en_US/fbevents.js]
[cdnjs.cloudflare.com/ajax/libs/handlebars.js/3.0.3/handlebars.min.js]
[www.googletagmanager.com/gtm5445.html]
[easi-way.com/img/ver2/img_booked_trips_list.png]
[www.wahome.co.kr/images/logo.svg]
[easi-way.com/img/ver2/p-1.jpg]
[www.wahome.co.kr/images/icon_31.svg]
[easi-way.com/img/ver2/p-2.jpg]
[www.wahome.co.kr/images/icon_33.svg]
[easi-way.com/img/ver2/p-3.png]
[www.wahome.co.kr/images/icon_2.svg]
[easi-way.com/img/btn-top@2x.png]
[www.wahome.co.kr/images/1step.svg]
[easi-way.com/bower/jquery/dist/jquery.min.js]
[www.wahome.co.kr/images/2step.svg]
[easi-way.com/bower/jquery-ui/jquery-ui.min.js]
[www.wahome.co.kr/images/3step.svg]
[easi-way.com/bower/foundation-sites/dist/foundation.min.js]
[easi-way.com/bower/foundation-datepicker/js/foundation-datepicker.min.js]
[easi-way.com/bower/hammerjs/hammer.min.js]
[www.wahome.co.kr/images/smba.svg]
[easi-way.com/bower/jquery-overflowandroid/jquery.overflowandroid.min.js]
[easi-way.com/bower/foundation-sites/dist/foundation.min.css]
[easi-way.com/js/iscroll.js]
[easi-way.com/bower/jquery-ui/themes/smoothness/jquery-ui.min.css]
[easi-way.com/js/ver2.min.js]
[easi-way.com/css/ver2.min.css]
[www.trost.co.kr/assets/img/of_banner/main_bnnr_book@3x3a55.png]
[easi-way.com/css/font.css]
[www.wahome.co.kr/compressed.min.js]
[easi-way.com/bower/foundation-datepicker/css/foundation-datepicker.min.css]
[www.wahome.co.kr/app/common.js]
[www.wahome.co.kr/app/index.js]
[easi-way.com/css/banner_shuttle.css]
[www.trost.co.kr/assets/img/of_page/about-service/mobile/seM_ham_logo3a55.png]
[www.trost.co.kr/assets/img/of_page/about-service/ser_service3a55.png]
[easi-way.com/img/ver2/icn_chauffeur.svg]
[www.trost.co.kr/assets/img/of_page/about-service/ser_app_store3a55.png]
[easi-way.com/img/ver2/icn_shuttle.svg]
[www.trost.co.kr/assets/img/of_page/about-service/ser_google3a55.png]
[www.trost.co.kr/assets/img/of_partner/15065781205520_3a55.png]
[www.trost.co.kr/assets/img/of_partner/15065782255705_3a55.png]
[www.trost.co.kr/assets/img/of_partner/15065782155655_3a55.png]
[www.trost.co.kr/assets/img/of_partner/15065781055505_3a55.png]
[easi-way.com/img/ver2/icn_easytopay.svg]
[www.trost.co.kr/assets/img/of_partner/15065781245524_3a55.png]
[easi-way.com/img/ver2/icn_multilang.svg]
[www.trost.co.kr/assets/img/of_partner/15065781095509_3a55.png]
[easi-way.com/img/ver2/icn_reliableservice.svg]
[www.trost.co.kr/assets/img/of_partner/15065781155515_3a55.png]
[easi-way.com/img/ver2/defaultguy.svg]
[www.trost.co.kr/assets/img/of_partner/15065782595739_3a55.png]
[easi-way.com/img/ver2/footerillu.svg]
[www.trost.co.kr/assets/img/of_partner/15065781075507_3a55.png]
[easi-way.com/img/ver2/footerillu-sm.svg]
[www.trost.co.kr/assets/img/of_partner/15065781775617_3a55.png]
[easi-way.com/img/ver2/cp-logo.svg]
[www.trost.co.kr/assets/img/of_partner/15065781815621_3a55.png]
[easi-way.com/booking-policy.html]
[www.trost.co.kr/assets/img/of_partner/15065783945954_3a55.png]
[www.trost.co.kr/assets/img/of_partner/15065781135513_3a55.png]
[www.trost.co.kr/assets/css/mobile/style.min2704.css]
[www.trost.co.kr/assets/img/of_partner/15065782175657_3a55.png]
[www.trost.co.kr/assets/img/of_partner/15065782575737_3a55.png]
[www.trost.co.kr/assets/css/mobile/index.min2704.css]
[www.trost.co.kr/assets/img/of_partner/15065783075827_3a55.png]
[www.trost.co.kr/assets/file/mobile_menu/jquery.mobilemenu.min2704.css]
[www.trost.co.kr/assets/img/of_partner/15065782115651_3a55.png]
[www.trost.co.kr/assets/img/of_partner/15065782535733_3a55.png]
[www.trost.co.kr/assets/img/of_partner/15065781935633_3a55.png]
[www.trost.co.kr/assets/img/of_partner/15065782215701_3a55.png]
[www.trost.co.kr/assets/img/of_partner/15065782555735_3a55.png]
[www.trost.co.kr/assets/img/of_partner/15065783155835_3a55.png]
[www.trost.co.kr/assets/img/of_partner/15065783965956_3a55.png]
[www.trost.co.kr/assets/img/of_partner/15065783115831_3a55.png]
[www.trost.co.kr/assets/img/of_page/about-manual/guide1.png]
[www.trost.co.kr/assets/img/of_page/about-manual/guide2.png]
[www.trost.co.kr/assets/img/of_page/about-manual/guide3.png]
[www.trost.co.kr/assets/img/of_page/about-manual/guide4.png]
[www.trost.co.kr/assets/img/of_page/about-manual/guide5.png]
[www.trost.co.kr/assets/img/of_page/about-manual/guide6.png]
[www.trost.co.kr/assets/img/of_notice/10-.jpg]
[easi-way.com/img/ver3/chauffeur/img-toyota-alphard.png]
[easi-way.com/img/ver3/chauffeur/img-tesla.png]
[easi-way.com/img/ver3/shuttle/img-bus.png]
[www.trost.co.kr/assets/img/of_partner/_3a55.html]
[junggglex.com/img/m_main_diagram.png]
[junggglex.com/img/main_trusted_by/trusted_by-01.png]
[www.trost.co.kr/assets/css/style.mindb7d.css]
[www.trost.co.kr/assets/css/mobile/style.mindb7d.css]
[www.trost.co.kr/assets/css/pageManual.min6bcd.css]
[www.trost.co.kr/assets/css/style.min2704.css]
[www.trost.co.kr/assets/css/p_about.min3a55.css]
[www.trost.co.kr/assets/css/pageHumart6bcd.css]
[www.trost.co.kr/assets/file/jquery.bxslider/jquery.bxslider.min3a55.css]
[www.trost.co.kr/assets/css/common-footer59cb.css]
[www.trost.co.kr/assets/css/pageJoin59cb.css]
[www.trost.co.kr/assets/css/style.min3a55.css]
[www.trost.co.kr/assets/css/mobile/style.min3a55.css]
[www.trost.co.kr/assets/css/p_about3a55.css]
[blue-core.com/css/style.css]
[junggglex.com/css/animate.css]
[junggglex.com/css/advertiser.css]
[junggglex.com/css/publishers.css]
[www.wahome.co.kr/images/help.svg]
[easi-way.com/img/ver3/support/icn-support-color.svg]
[easi-way.com/img/ver3/chauffeur/icn-chauffeur-color.svg]
[easi-way.com/chauffeur/img/btn-top@2x.html]
[easi-way.com/img/ver3/shuttle/icn-shuttle-color.svg]
[api.easi-share.com/uploads/mailer_img/og/easiway_logo.png]
