[www.trost.co.kr/index.html]
[applr.co.kr/index.html]
[easi-way.com/index.html]
[backblue.gif]
[fade.gif]
[index.html]
[www.wahome.co.kr/index.html]
[www.trost.co.kr/assets/file/manifest_webapp.json]
[trost.co.kr/assets/mobile/app-icon.png]
[trost.co.kr/promotion/sharelogo20170512.png]
[www.trost.co.kr/assets/img/of_page/index/s1/header_logo.png]
[www.trost.co.kr/mobile/index.html]
[www.trost.co.kr/assets/img/of_page/index/s1/main_mobile18a8.png]
[www.trost.co.kr/manual/texttime/index.html]
[www.trost.co.kr/about/counselor/index.html]
[www.trost.co.kr/assets/img/of_page/about-manual/gui_apple218a8.png]
[www.trost.co.kr/assets/img/of_page/about-manual/gui_google218a8.png]
[www.trost.co.kr/assets/img/of_page/about-manual/gui_web218a8.png]
[www.trost.co.kr/assets/img/of_page/index/s2/btn_txt18a8.png]
[www.trost.co.kr/assets/img/of_page/index/s2/btn_voice18a8.png]
[www.trost.co.kr/assets/img/of_page/index/s2/btn_pc18a8.png]
[www.trost.co.kr/assets/img/of_page/index/s2/txt/txt_mobile18a8.png]
[www.trost.co.kr/assets/img/of_page/index/s2/txt/txt118a8.png]
[www.trost.co.kr/assets/img/of_page/index/s2/txt/txt218a8.png]
[www.trost.co.kr/assets/img/of_page/index/s2/txt/txt318a8.png]
[www.trost.co.kr/assets/img/of_page/index/s2/txt/txt418a8.png]
[www.trost.co.kr/assets/img/of_page/index/s2/txt/txt518a8.png]
[www.trost.co.kr/assets/img/of_page/index/s2/txt/txt618a8.png]
[www.trost.co.kr/assets/img/of_page/index/s2/qr_and18a8.png]
[www.trost.co.kr/assets/img/of_page/index/s2/qr_ios18a8.png]
[www.trost.co.kr/assets/img/of_page/index/s2/arr18a8.png]
[www.trost.co.kr/assets/img/of_page/index/s2/voice18a8.png]
[www.trost.co.kr/assets/img/of_page/index/s2/pc18a8.png]
[www.trost.co.kr/assets/img/of_page/index/s3/good1.min18a8.png]
[www.trost.co.kr/assets/img/of_page/index/s3/good2.min18a8.png]
[www.trost.co.kr/assets/img/of_page/index/s3/good3.min18a8.png]
[www.trost.co.kr/assets/img/of_page/index/s3/good4.min18a8.png]
[www.trost.co.kr/assets/img/of_page/index/s3/good5.min18a8.png]
[www.trost.co.kr/assets/img/of_page/index/s5/eap18a8.png]
[www.trost.co.kr/assets/img/of_page/index/s5/ser18a8.png]
[www.trost.co.kr/assets/img/of_page/index/s5/centre18a8.png]
[www.trost.co.kr/assets/img/of_page/index/s1/info18a8.png]
[www.trost.co.kr/assets/img/of_page/index/footer/popup_close18a8.png]
[www.trost.co.kr/assets/img/of_page/index/footer/footer_logo18a8.png]
[www.trost.co.kr/about/humart/index.html]
[www.trost.co.kr/about/join/index.html]
[www.trost.co.kr/about/faq/index.html]
[www.trost.co.kr/about/notice/index.html]
[www.trost.co.kr/about/terms/new/index.html]
[www.trost.co.kr/about/support/index.html]
[www.trost.co.kr/auth/sign7c03.html]
[www.trost.co.kr/assets/img/popupClose_w.png]
[www.trost.co.kr/assets/img/login_icon_facebook.png]
[www.trost.co.kr/assets/img/login_icon_kakao.png]
[www.trost.co.kr/assets/img/of_etc/login_naver_logo.png]
[www.trost.co.kr/index.html]
[www.trost.co.kr/auth/helpuser/index.html]
[wcs.naver.net/wcslog.js]
[blue-core.com/js/jquery-1.10.2.min.js]
[blue-core.com/js/jquery-ui-1.10.3.custom.min.js]
[blue-core.com/js/jquery.js]
[blue-core.com/js/jcarousel.responsive.js]
[blue-core.com/js/jquery.jcarousel.min.js]
[blue-core.com/js/lightbox.js]
[blue-core.com/images/favicon.ico]
[blue-core.com/images/favicon.png]
[ajax.googleapis.com/ajax/libs/jquery/1.11.0/jquery.min.js]
[blue-core.com/js/jquery.animsition.min.js]
[blue-core.com/images/footer_link_sou_ov.png]
[blue-core.com/images/busi_img_01.png]
[blue-core.com/images/busi_img_02.png]
[blue-core.com/images/busi_img_03.png]
[blue-core.com/images/work_01.png]
[blue-core.com/images/work_02.png]
[blue-core.com/images/work_03.png]
[blue-core.com/images/work_04.png]
[blue-core.com/images/work_05.png]
[blue-core.com/images/work_06.png]
[blue-core.com/images/work_10.png]
[blue-core.com/images/work_12.png]
[blue-core.com/images/work_13.png]
[blue-core.com/images/work_07.png]
[blue-core.com/images/work_08.png]
[blue-core.com/images/work_11.png]
[blue-core.com/images/work_09.png]
[blue-core.com/images/work_20.png]
[blue-core.com/images/work_14.png]
[blue-core.com/images/work_15.png]
[blue-core.com/images/work_16.png]
[blue-core.com/images/work_17.png]
[blue-core.com/images/work_18.png]
[blue-core.com/images/work_19.png]
[blue-core.com/images/work_21.png]
[blue-core.com/images/work_22.png]
[blue-core.com/images/work_23.png]
[blue-core.com/images/work_24.png]
[blue-core.com/images/work_25.png]
[blue-core.com/images/work_26.png]
[blue-core.com/images/work_27.png]
[blue-core.com/images/work_28.png]
[blue-core.com/images/work_29.png]
[blue-core.com/images/work_30.png]
[blue-core.com/images/work_31.png]
[blue-core.com/images/footer_link_sou.png]
[blue-core.com/images/footer_link_cor_ov.png]
[blue-core.com/images/footer_link_cor.png]
[blue-core.com/index.html]
[blue-core.com/js/lightbox-plus-jquery.min.js]
[ajax.googleapis.com/ajax/libs/jquery/1.7.2/jquery.min.js]
[zigzag.kr/js/jquery.fullPage.min.js]
[zigzag.kr/favicons/apple-touch-icon-57x5797f0.png]
[zigzag.kr/favicons/apple-touch-icon-60x6097f0.png]
[zigzag.kr/favicons/apple-touch-icon-72x7297f0.png]
[zigzag.kr/favicons/apple-touch-icon-76x7697f0.png]
[zigzag.kr/favicons/apple-touch-icon-114x11497f0.png]
[zigzag.kr/favicons/apple-touch-icon-120x12097f0.png]
[zigzag.kr/favicons/apple-touch-icon-144x14497f0.png]
[zigzag.kr/favicons/apple-touch-icon-152x15297f0.png]
[zigzag.kr/favicons/apple-touch-icon-180x18097f0.png]
[zigzag.kr/favicons/favicon-32x3297f0.png]
[zigzag.kr/favicons/android-chrome-192x19297f0.png]
[zigzag.kr/favicons/favicon-96x9697f0.png]
[zigzag.kr/favicons/favicon-16x1697f0.png]
[zigzag.kr/favicons/favicon97f0.ico]
[zigzag.kr/favicons/manifest97f0.json]
[www.google-analytics.com/analytics.js]
[zigzag.kr/index.html]
[applr.co.kr/dist/js/jquery-1.12.0.min.js]
[applr.co.kr/dist/js/tether.min.js]
[maxcdn.bootstrapcdn.com/bootstrap/3.3.6/js/bootstrap.min.js]
[cdn.jsdelivr.net/jquery.leanmodal2/2.3/jQuery.leanModal2.min.js]
[vjs.zencdn.net/ie8/1.1.2/videojs-ie8.min.js]
[applr.co.kr/assets/js/main.js]
[vjs.zencdn.net/5.10.2/video.js]
[vjs.zencdn.net/5.10.2/video-js.css]
[maxcdn.bootstrapcdn.com/bootstrap/3.3.6/css/bootstrap-theme.min.css]
[applr.co.kr/assets/css/style.css]
[applr.co.kr/assets/css/animate.css]
[applr.co.kr/assets/img/logo.png]
[applr.co.kr/index-ko.html]
[applr.co.kr/index-cn.html]
[applr.co.kr/assets/img/btn03.png]
[applr.co.kr/assets/img/mobile01.png]
[applr.co.kr/assets/img/demo_btn2.png]
[applr.co.kr/assets/img/appstore.png]
[applr.co.kr/assets/img/googleplay.png]
[applr.co.kr/assets/img/p_img_02.jpg]
[applr.co.kr/assets/img/cont4_01.png]
[applr.co.kr/assets/img/cont4_02.png]
[applr.co.kr/assets/img/cont4_03.png]
[applr.co.kr/assets/img/phone05_1_1.png]
[applr.co.kr/assets/img/phone05_2_1.png]
[applr.co.kr/assets/img/phone05_2_1_m.png]
[applr.co.kr/assets/img/phone05_3_1.png]
[applr.co.kr/assets/img/phone06_1_1.png]
[applr.co.kr/assets/img/phone06_2_1.png]
[applr.co.kr/assets/img/phone06_3_1.png]
[applr.co.kr/assets/img/simulcast1.png]
[applr.co.kr/assets/img/simulcast2.png]
[applr.co.kr/assets/img/simulcast3.png]
[applr.co.kr/assets/img/img_exp02.png]
[applr.co.kr/assets/img/language.png]
[applr.co.kr/assets/img/payment.png]
[applr.co.kr/assets/img/shipping.png]
[applr.co.kr/assets/img/influ1.png]
[applr.co.kr/assets/img/influ2.png]
[applr.co.kr/assets/img/influ3.png]
[applr.co.kr/assets/img/influ4.png]
[applr.co.kr/assets/img/influ5.png]
[applr.co.kr/assets/img/influ6.png]
[applr.co.kr/assets/img/influ7.png]
[applr.co.kr/assets/img/influ8.png]
[applr.co.kr/assets/js/slick/slick.min.js]
[applr.co.kr/assets/img/game.png]
[applr.co.kr/assets/img/art.png]
[applr.co.kr/assets/img/eTicketing.png]
[applr.co.kr/assets/img/travel.png]
[applr.co.kr/assets/img/luxury_brand.png]
[applr.co.kr/assets/img/fashion.png]
[applr.co.kr/assets/img/logo1.png]
[applr.co.kr/assets/img/logo2.png]
[applr.co.kr/assets/img/logo3.png]
[applr.co.kr/assets/img/logo4.png]
[applr.co.kr/assets/img/logo5.png]
[applr.co.kr/assets/img/logo6.png]
[applr.co.kr/assets/img/logo7.png]
[applr.co.kr/assets/img/logo8.png]
[applr.co.kr/assets/img/logo9.png]
[applr.co.kr/assets/img/logo_more.png]
[applr.co.kr/assets/img/logo_korchina.png]
[applr.co.kr/assets/img/logo_ocs.png]
[applr.co.kr/assets/img/logo_yamato.png]
[applr.co.kr/assets/img/logo_freeway.png]
[applr.co.kr/assets/img/logo_blue.png]
[applr.co.kr/assets/img/nthem01.png]
[applr.co.kr/assets/img/nthem02.png]
[applr.co.kr/assets/img/nthem03.png]
[applr.co.kr/assets/img/banner1.png]
[applr.co.kr/assets/img/banner2.png]
[applr.co.kr/assets/img/back_b_b.png]
[applr.co.kr/assets/img/we_sl.png]
[applr.co.kr/assets/img/72cast_logo.png]
[applr.co.kr/index.html]
[www.junggglex.com/shortcut.png]
[junggglex.com/img/shortcut.png]
[use.fontawesome.com/5303e3cdc4.js]
[junggglex.com/video/h_banner_50s.mp4]
[code.jquery.com/jquery-1.11.2.min.js]
[junggglex.com/img/m_menu_bar.png]
[junggglex.com/img/m_close.png]
[junggglex.com/img/main_diagram.png]
[junggglex.com/img/m_main_diagram.png]
[junggglex.com/img/advertisers_sum.png]
[junggglex.com/img/publishers_sum.png]
[junggglex.com/img/main_trusted_by/trusted_by-01.png]
[junggglex.com/img/main_trusted_by/trusted_by-02.png]
[junggglex.com/img/main_trusted_by/trusted_by-03.png]
[junggglex.com/img/main_trusted_by/trusted_by-04.png]
[junggglex.com/index.html]
